Archive member included because of file (symbol)

C:/Users/Daniel/eclipseCPP-Cworkspace/FreeRTOS801/Release/libFreeRTOS801.a(i2cMultiMaster.o)
                              ./thermalSensor.o (I2C_Master_Start_Transceiver_With_Data)
C:/Users/Daniel/eclipseCPP-Cworkspace/FreeRTOS801/Release/libFreeRTOS801.a(queue.o)
                              C:/Users/Daniel/eclipseCPP-Cworkspace/FreeRTOS801/Release/libFreeRTOS801.a(i2cMultiMaster.o) (xQueueGenericSend)
C:/Users/Daniel/eclipseCPP-Cworkspace/FreeRTOS801/Release/libFreeRTOS801.a(tasks.o)
                              C:/Users/Daniel/eclipseCPP-Cworkspace/FreeRTOS801/Release/libFreeRTOS801.a(queue.o) (vTaskSuspendAll)
C:/Users/Daniel/eclipseCPP-Cworkspace/FreeRTOS801/Release/libFreeRTOS801.a(port.o)
                              C:/Users/Daniel/eclipseCPP-Cworkspace/FreeRTOS801/Release/libFreeRTOS801.a(tasks.o) (pxPortInitialiseStack)
C:/Users/Daniel/eclipseCPP-Cworkspace/FreeRTOS801/Release/libFreeRTOS801.a(system_tick.o)
                              C:/Users/Daniel/eclipseCPP-Cworkspace/FreeRTOS801/Release/libFreeRTOS801.a(port.o) (system_tick)
C:/Users/Daniel/eclipseCPP-Cworkspace/FreeRTOS801/Release/libFreeRTOS801.a(system_time.o)
                              C:/Users/Daniel/eclipseCPP-Cworkspace/FreeRTOS801/Release/libFreeRTOS801.a(system_tick.o) (__system_time)
C:/Users/Daniel/eclipseCPP-Cworkspace/FreeRTOS801/Release/libFreeRTOS801.a(heap_4.o)
                              C:/Users/Daniel/eclipseCPP-Cworkspace/FreeRTOS801/Release/libFreeRTOS801.a(queue.o) (vPortFree)
C:/Users/Daniel/eclipseCPP-Cworkspace/FreeRTOS801/Release/libFreeRTOS801.a(list.o)
                              C:/Users/Daniel/eclipseCPP-Cworkspace/FreeRTOS801/Release/libFreeRTOS801.a(queue.o) (vListInitialise)
C:/Users/Daniel/eclipseCPP-Cworkspace/FreeRTOS801/Release/libFreeRTOS801.a(runtTimeStatsTimer.o)
                              C:/Users/Daniel/eclipseCPP-Cworkspace/FreeRTOS801/Release/libFreeRTOS801.a(tasks.o) (xconfigTimerForRunTimeStats)
c:/arduino/hardware/tools/avr/bin/../lib/gcc/avr/4.3.2/../../../../avr/lib/avr6\libprintf_flt.a(vfprintf_flt.o)
                              (vfprintf)
C:\Users\Daniel\eclipseCPP-Cworkspace\CEG4166_RTS_Lib\Release\libCEG4166_RTS_Lib.a(usartSerial.o)
                              ./SerialLCDModule.o (usartWrite)
c:/arduino/hardware/tools/avr/bin/../lib/gcc/avr/4.3.2/avr6\libgcc.a(_udivmodsi4.o)
                              C:/Users/Daniel/eclipseCPP-Cworkspace/FreeRTOS801/Release/libFreeRTOS801.a(tasks.o) (__udivmodsi4)
c:/arduino/hardware/tools/avr/bin/../lib/gcc/avr/4.3.2/avr6\libgcc.a(_prologue.o)
                              ./SerialLCDModule.o (__prologue_saves__)
c:/arduino/hardware/tools/avr/bin/../lib/gcc/avr/4.3.2/avr6\libgcc.a(_epilogue.o)
                              ./SerialLCDModule.o (__epilogue_restores__)
c:/arduino/hardware/tools/avr/bin/../lib/gcc/avr/4.3.2/avr6\libgcc.a(_exit.o)
                              c:/arduino/hardware/tools/avr/bin/../lib/gcc/avr/4.3.2/../../../../avr/lib/avr6/crtm2560.o (exit)
c:/arduino/hardware/tools/avr/bin/../lib/gcc/avr/4.3.2/avr6\libgcc.a(_tablejump.o)
                              C:/Users/Daniel/eclipseCPP-Cworkspace/FreeRTOS801/Release/libFreeRTOS801.a(i2cMultiMaster.o) (__tablejump2__)
c:/arduino/hardware/tools/avr/bin/../lib/gcc/avr/4.3.2/avr6\libgcc.a(_clear_bss.o)
                              ./SerialLCDModule.o (__do_clear_bss)
c:/arduino/hardware/tools/avr/bin/../lib/gcc/avr/4.3.2/../../../../avr/lib/avr6\libc.a(ftoa_engine.o)
                              c:/arduino/hardware/tools/avr/bin/../lib/gcc/avr/4.3.2/../../../../avr/lib/avr6\libprintf_flt.a(vfprintf_flt.o) (__ftoa_engine)
c:/arduino/hardware/tools/avr/bin/../lib/gcc/avr/4.3.2/../../../../avr/lib/avr6\libc.a(strlen_P.o)
                              C:\Users\Daniel\eclipseCPP-Cworkspace\CEG4166_RTS_Lib\Release\libCEG4166_RTS_Lib.a(usartSerial.o) (strlen_P)
c:/arduino/hardware/tools/avr/bin/../lib/gcc/avr/4.3.2/../../../../avr/lib/avr6\libc.a(strnlen_P.o)
                              c:/arduino/hardware/tools/avr/bin/../lib/gcc/avr/4.3.2/../../../../avr/lib/avr6\libprintf_flt.a(vfprintf_flt.o) (strnlen_P)
c:/arduino/hardware/tools/avr/bin/../lib/gcc/avr/4.3.2/../../../../avr/lib/avr6\libc.a(memcpy.o)
                              C:/Users/Daniel/eclipseCPP-Cworkspace/FreeRTOS801/Release/libFreeRTOS801.a(queue.o) (memcpy)
c:/arduino/hardware/tools/avr/bin/../lib/gcc/avr/4.3.2/../../../../avr/lib/avr6\libc.a(memset.o)
                              C:/Users/Daniel/eclipseCPP-Cworkspace/FreeRTOS801/Release/libFreeRTOS801.a(tasks.o) (memset)
c:/arduino/hardware/tools/avr/bin/../lib/gcc/avr/4.3.2/../../../../avr/lib/avr6\libc.a(strnlen.o)
                              c:/arduino/hardware/tools/avr/bin/../lib/gcc/avr/4.3.2/../../../../avr/lib/avr6\libprintf_flt.a(vfprintf_flt.o) (strnlen)
c:/arduino/hardware/tools/avr/bin/../lib/gcc/avr/4.3.2/../../../../avr/lib/avr6\libc.a(fputc.o)
                              c:/arduino/hardware/tools/avr/bin/../lib/gcc/avr/4.3.2/../../../../avr/lib/avr6\libprintf_flt.a(vfprintf_flt.o) (fputc)
c:/arduino/hardware/tools/avr/bin/../lib/gcc/avr/4.3.2/../../../../avr/lib/avr6\libc.a(sprintf.o)
                              ./SerialLCDModule.o (sprintf)
c:/arduino/hardware/tools/avr/bin/../lib/gcc/avr/4.3.2/../../../../avr/lib/avr6\libc.a(vsnprintf.o)
                              C:\Users\Daniel\eclipseCPP-Cworkspace\CEG4166_RTS_Lib\Release\libCEG4166_RTS_Lib.a(usartSerial.o) (vsnprintf)
c:/arduino/hardware/tools/avr/bin/../lib/gcc/avr/4.3.2/../../../../avr/lib/avr6\libc.a(vsnprintf_p.o)
                              C:\Users\Daniel\eclipseCPP-Cworkspace\CEG4166_RTS_Lib\Release\libCEG4166_RTS_Lib.a(usartSerial.o) (vsnprintf_P)
c:/arduino/hardware/tools/avr/bin/../lib/gcc/avr/4.3.2/../../../../avr/lib/avr6\libc.a(ultoa_invert.o)
                              c:/arduino/hardware/tools/avr/bin/../lib/gcc/avr/4.3.2/../../../../avr/lib/avr6\libprintf_flt.a(vfprintf_flt.o) (__ultoa_invert)

Allocating common symbols
Common symbol       size              file

usartComBuf         0x74              C:\Users\Daniel\eclipseCPP-Cworkspace\CEG4166_RTS_Lib\Release\libCEG4166_RTS_Lib.a(usartSerial.o)
temps               0x9               ./thermalSensor.o
usartfd             0x2               ./main.o
__system_time       0x4               C:/Users/Daniel/eclipseCPP-Cworkspace/FreeRTOS801/Release/libFreeRTOS801.a(system_time.o)

Memory Configuration

Name             Origin             Length             Attributes
text             0x00000000         0x00100000         xr
data             0x00800200         0x0000fe00         rw !x
eeprom           0x00810000         0x00010000         rw !x
fuse             0x00820000         0x00000400         rw !x
lock             0x00830000         0x00000400         rw !x
signature        0x00840000         0x00000400         rw !x
*default*        0x00000000         0xffffffff

Linker script and memory map

Address of section .data set to 0x800200
LOAD c:/arduino/hardware/tools/avr/bin/../lib/gcc/avr/4.3.2/../../../../avr/lib/avr6/crtm2560.o
LOAD ./SerialLCDModule.o
LOAD ./ledModule.o
LOAD ./main.o
LOAD ./thermalSensor.o
LOAD C:/Users/Daniel/eclipseCPP-Cworkspace/FreeRTOS801/Release/libFreeRTOS801.a
LOAD c:/arduino/hardware/tools/avr/bin/../lib/gcc/avr/4.3.2/../../../../avr/lib/avr6\libm.a
LOAD c:/arduino/hardware/tools/avr/bin/../lib/gcc/avr/4.3.2/../../../../avr/lib/avr6\libprintf_flt.a
LOAD C:\Users\Daniel\eclipseCPP-Cworkspace\FreeRTOS801\Release\libFreeRTOS801.a
LOAD C:\Users\Daniel\eclipseCPP-Cworkspace\CEG4166_RTS_Lib\Release\libCEG4166_RTS_Lib.a
LOAD c:/arduino/hardware/tools/avr/bin/../lib/gcc/avr/4.3.2/avr6\libgcc.a
LOAD c:/arduino/hardware/tools/avr/bin/../lib/gcc/avr/4.3.2/../../../../avr/lib/avr6\libc.a
LOAD c:/arduino/hardware/tools/avr/bin/../lib/gcc/avr/4.3.2/avr6\libgcc.a

.hash
 *(.hash)

.dynsym
 *(.dynsym)

.dynstr
 *(.dynstr)

.gnu.version
 *(.gnu.version)

.gnu.version_d
 *(.gnu.version_d)

.gnu.version_r
 *(.gnu.version_r)

.rel.init
 *(.rel.init)

.rela.init
 *(.rela.init)

.rel.text
 *(.rel.text)
 *(.rel.text.*)
 *(.rel.gnu.linkonce.t*)

.rela.text
 *(.rela.text)
 *(.rela.text.*)
 *(.rela.gnu.linkonce.t*)

.rel.fini
 *(.rel.fini)

.rela.fini
 *(.rela.fini)

.rel.rodata
 *(.rel.rodata)
 *(.rel.rodata.*)
 *(.rel.gnu.linkonce.r*)

.rela.rodata
 *(.rela.rodata)
 *(.rela.rodata.*)
 *(.rela.gnu.linkonce.r*)

.rel.data
 *(.rel.data)
 *(.rel.data.*)
 *(.rel.gnu.linkonce.d*)

.rela.data
 *(.rela.data)
 *(.rela.data.*)
 *(.rela.gnu.linkonce.d*)

.rel.ctors
 *(.rel.ctors)

.rela.ctors
 *(.rela.ctors)

.rel.dtors
 *(.rel.dtors)

.rela.dtors
 *(.rela.dtors)

.rel.got
 *(.rel.got)

.rela.got
 *(.rela.got)

.rel.bss
 *(.rel.bss)

.rela.bss
 *(.rela.bss)

.rel.plt
 *(.rel.plt)

.rela.plt
 *(.rela.plt)

.text           0x00000000     0x6e9a
 *(.vectors)
 .vectors       0x00000000       0xe4 c:/arduino/hardware/tools/avr/bin/../lib/gcc/avr/4.3.2/../../../../avr/lib/avr6/crtm2560.o
                0x00000000                __vectors
                0x00000000                __vector_default
 *(.vectors)
 *(.progmem.gcc*)
 .progmem.gcc_sw_table
                0x000000e4      0x182 C:/Users/Daniel/eclipseCPP-Cworkspace/FreeRTOS801/Release/libFreeRTOS801.a(i2cMultiMaster.o)
 *(.progmem*)
 .progmem.data  0x00000266       0x4e ./main.o
 .progmem.data  0x000002b4        0x8 c:/arduino/hardware/tools/avr/bin/../lib/gcc/avr/4.3.2/../../../../avr/lib/avr6\libprintf_flt.a(vfprintf_flt.o)
 .progmem.data  0x000002bc       0xfa c:/arduino/hardware/tools/avr/bin/../lib/gcc/avr/4.3.2/../../../../avr/lib/avr6\libc.a(ftoa_engine.o)
                0x000003b6                . = ALIGN (0x2)
                0x000003b6                __trampolines_start = .
 *(.trampolines)
 .trampolines   0x000003b6        0x0 linker stubs
 *(.trampolines*)
                0x000003b6                __trampolines_end = .
 *(.jumptables)
 *(.jumptables*)
 *(.lowtext)
 .lowtext       0x000003b6      0x2e8 C:/Users/Daniel/eclipseCPP-Cworkspace/FreeRTOS801/Release/libFreeRTOS801.a(tasks.o)
 *(.lowtext*)
                0x0000069e                __ctors_start = .
 *(.ctors)
                0x0000069e                __ctors_end = .
                0x0000069e                __dtors_start = .
 *(.dtors)
                0x0000069e                __dtors_end = .
 SORT(*)(.ctors)
 SORT(*)(.dtors)
 *(.init0)
 .init0         0x0000069e        0x0 c:/arduino/hardware/tools/avr/bin/../lib/gcc/avr/4.3.2/../../../../avr/lib/avr6/crtm2560.o
                0x0000069e                __init
 *(.init0)
 *(.init1)
 *(.init1)
 *(.init2)
 .init2         0x0000069e       0x10 c:/arduino/hardware/tools/avr/bin/../lib/gcc/avr/4.3.2/../../../../avr/lib/avr6/crtm2560.o
 *(.init2)
 *(.init3)
 *(.init3)
 *(.init4)
 .init4         0x000006ae       0x1c c:/arduino/hardware/tools/avr/bin/../lib/gcc/avr/4.3.2/../../../../avr/lib/avr6/crtm2560.o
                0x000006ae                __do_copy_data
 .init4         0x000006ca       0x10 c:/arduino/hardware/tools/avr/bin/../lib/gcc/avr/4.3.2/avr6\libgcc.a(_clear_bss.o)
                0x000006ca                __do_clear_bss
 *(.init4)
 *(.init5)
 *(.init5)
 *(.init6)
 *(.init6)
 *(.init7)
 *(.init7)
 *(.init8)
 *(.init8)
 *(.init9)
 .init9         0x000006da        0x8 c:/arduino/hardware/tools/avr/bin/../lib/gcc/avr/4.3.2/../../../../avr/lib/avr6/crtm2560.o
 *(.init9)
 *(.text)
 .text          0x000006e2        0x4 c:/arduino/hardware/tools/avr/bin/../lib/gcc/avr/4.3.2/../../../../avr/lib/avr6/crtm2560.o
                0x000006e2                __vector_38
                0x000006e2                __vector_22
                0x000006e2                __vector_28
                0x000006e2                __vector_1
                0x000006e2                __vector_34
                0x000006e2                __vector_24
                0x000006e2                __vector_12
                0x000006e2                __vector_46
                0x000006e2                __bad_interrupt
                0x000006e2                __vector_6
                0x000006e2                __vector_31
                0x000006e2                __vector_35
                0x000006e2                __vector_3
                0x000006e2                __vector_23
                0x000006e2                __vector_30
                0x000006e2                __vector_45
                0x000006e2                __vector_11
                0x000006e2                __vector_13
                0x000006e2                __vector_17
                0x000006e2                __vector_19
                0x000006e2                __vector_56
                0x000006e2                __vector_7
                0x000006e2                __vector_49
                0x000006e2                __vector_41
                0x000006e2                __vector_43
                0x000006e2                __vector_27
                0x000006e2                __vector_5
                0x000006e2                __vector_33
                0x000006e2                __vector_47
                0x000006e2                __vector_4
                0x000006e2                __vector_44
                0x000006e2                __vector_9
                0x000006e2                __vector_2
                0x000006e2                __vector_21
                0x000006e2                __vector_15
                0x000006e2                __vector_29
                0x000006e2                __vector_40
                0x000006e2                __vector_8
                0x000006e2                __vector_48
                0x000006e2                __vector_14
                0x000006e2                __vector_53
                0x000006e2                __vector_10
                0x000006e2                __vector_50
                0x000006e2                __vector_16
                0x000006e2                __vector_18
                0x000006e2                __vector_20
                0x000006e2                __vector_42
 .text          0x000006e6        0x0 ./SerialLCDModule.o
 .text          0x000006e6        0x0 ./ledModule.o
 .text          0x000006e6        0x0 ./main.o
 .text          0x000006e6        0x0 ./thermalSensor.o
 .text          0x000006e6        0x0 C:/Users/Daniel/eclipseCPP-Cworkspace/FreeRTOS801/Release/libFreeRTOS801.a(i2cMultiMaster.o)
 .text          0x000006e6        0x0 C:/Users/Daniel/eclipseCPP-Cworkspace/FreeRTOS801/Release/libFreeRTOS801.a(queue.o)
 .text          0x000006e6        0x0 C:/Users/Daniel/eclipseCPP-Cworkspace/FreeRTOS801/Release/libFreeRTOS801.a(tasks.o)
 .text          0x000006e6        0x0 C:/Users/Daniel/eclipseCPP-Cworkspace/FreeRTOS801/Release/libFreeRTOS801.a(port.o)
 .text          0x000006e6       0x38 C:/Users/Daniel/eclipseCPP-Cworkspace/FreeRTOS801/Release/libFreeRTOS801.a(system_tick.o)
                0x000006e6                system_tick
 .text          0x0000071e        0x0 C:/Users/Daniel/eclipseCPP-Cworkspace/FreeRTOS801/Release/libFreeRTOS801.a(system_time.o)
 .text          0x0000071e        0x0 C:/Users/Daniel/eclipseCPP-Cworkspace/FreeRTOS801/Release/libFreeRTOS801.a(heap_4.o)
 .text          0x0000071e        0x0 C:/Users/Daniel/eclipseCPP-Cworkspace/FreeRTOS801/Release/libFreeRTOS801.a(list.o)
 .text          0x0000071e        0x0 C:/Users/Daniel/eclipseCPP-Cworkspace/FreeRTOS801/Release/libFreeRTOS801.a(runtTimeStatsTimer.o)
 .text          0x0000071e      0x712 c:/arduino/hardware/tools/avr/bin/../lib/gcc/avr/4.3.2/../../../../avr/lib/avr6\libprintf_flt.a(vfprintf_flt.o)
                0x0000071e                vfprintf
 .text          0x00000e30        0x0 C:\Users\Daniel\eclipseCPP-Cworkspace\CEG4166_RTS_Lib\Release\libCEG4166_RTS_Lib.a(usartSerial.o)
 .text          0x00000e30        0x0 c:/arduino/hardware/tools/avr/bin/../lib/gcc/avr/4.3.2/avr6\libgcc.a(_udivmodsi4.o)
 .text          0x00000e30        0x0 c:/arduino/hardware/tools/avr/bin/../lib/gcc/avr/4.3.2/avr6\libgcc.a(_prologue.o)
 .text          0x00000e30        0x0 c:/arduino/hardware/tools/avr/bin/../lib/gcc/avr/4.3.2/avr6\libgcc.a(_epilogue.o)
 .text          0x00000e30        0x0 c:/arduino/hardware/tools/avr/bin/../lib/gcc/avr/4.3.2/avr6\libgcc.a(_exit.o)
 .text          0x00000e30        0x0 c:/arduino/hardware/tools/avr/bin/../lib/gcc/avr/4.3.2/avr6\libgcc.a(_tablejump.o)
 .text          0x00000e30        0x0 c:/arduino/hardware/tools/avr/bin/../lib/gcc/avr/4.3.2/avr6\libgcc.a(_clear_bss.o)
 .text          0x00000e30      0x1b0 c:/arduino/hardware/tools/avr/bin/../lib/gcc/avr/4.3.2/../../../../avr/lib/avr6\libc.a(ftoa_engine.o)
                0x00000e30                __ftoa_engine
 .text          0x00000fe0       0x12 c:/arduino/hardware/tools/avr/bin/../lib/gcc/avr/4.3.2/../../../../avr/lib/avr6\libc.a(strlen_P.o)
                0x00000fe0                strlen_P
 .text          0x00000ff2       0x16 c:/arduino/hardware/tools/avr/bin/../lib/gcc/avr/4.3.2/../../../../avr/lib/avr6\libc.a(strnlen_P.o)
                0x00000ff2                strnlen_P
 .text          0x00001008       0x12 c:/arduino/hardware/tools/avr/bin/../lib/gcc/avr/4.3.2/../../../../avr/lib/avr6\libc.a(memcpy.o)
                0x00001008                memcpy
 .text          0x0000101a        0xe c:/arduino/hardware/tools/avr/bin/../lib/gcc/avr/4.3.2/../../../../avr/lib/avr6\libc.a(memset.o)
                0x0000101a                memset
 .text          0x00001028       0x16 c:/arduino/hardware/tools/avr/bin/../lib/gcc/avr/4.3.2/../../../../avr/lib/avr6\libc.a(strnlen.o)
                0x00001028                strnlen
 .text          0x0000103e       0x58 c:/arduino/hardware/tools/avr/bin/../lib/gcc/avr/4.3.2/../../../../avr/lib/avr6\libc.a(fputc.o)
                0x0000103e                fputc
 .text          0x00001096       0x48 c:/arduino/hardware/tools/avr/bin/../lib/gcc/avr/4.3.2/../../../../avr/lib/avr6\libc.a(sprintf.o)
                0x00001096                sprintf
 .text          0x000010de       0x54 c:/arduino/hardware/tools/avr/bin/../lib/gcc/avr/4.3.2/../../../../avr/lib/avr6\libc.a(vsnprintf.o)
                0x000010de                vsnprintf
 .text          0x00001132       0x54 c:/arduino/hardware/tools/avr/bin/../lib/gcc/avr/4.3.2/../../../../avr/lib/avr6\libc.a(vsnprintf_p.o)
                0x00001132                vsnprintf_P
 .text          0x00001186       0xbc c:/arduino/hardware/tools/avr/bin/../lib/gcc/avr/4.3.2/../../../../avr/lib/avr6\libc.a(ultoa_invert.o)
                0x00001186                __ultoa_invert
                0x00001242                . = ALIGN (0x2)
 *(.text.*)
 .text.extendedCommand
                0x00001242       0x24 ./SerialLCDModule.o
                0x00001242                extendedCommand
 .text.lcdTextWrite
                0x00001266       0x2c ./SerialLCDModule.o
                0x00001266                lcdTextWrite
 .text.displayTemperature
                0x00001292      0x32c ./SerialLCDModule.o
                0x00001292                displayTemperature
 .text.changeLEDColour
                0x000015be       0x4c ./ledModule.o
                0x000015be                changeLEDColour
 .text.vApplicationStackOverflowHook
                0x0000160a        0x6 ./main.o
                0x0000160a                vApplicationStackOverflowHook
 .text.main     0x00001610       0xa0 ./main.o
                0x00001610                main
 .text.TaskReadTemperature
                0x000016b0       0xde ./thermalSensor.o
                0x000016b0                TaskReadTemperature
 .text.I2C_Slave_Start_Transceiver
                0x0000178e       0x1a C:/Users/Daniel/eclipseCPP-Cworkspace/FreeRTOS801/Release/libFreeRTOS801.a(i2cMultiMaster.o)
                0x0000178e                I2C_Slave_Start_Transceiver
 .text.I2C_Master_Start_Transceiver
                0x000017a8       0x1a C:/Users/Daniel/eclipseCPP-Cworkspace/FreeRTOS801/Release/libFreeRTOS801.a(i2cMultiMaster.o)
                0x000017a8                I2C_Master_Start_Transceiver
 .text.I2C_Slave_Start_Transceiver_With_Data
                0x000017c2       0x40 C:/Users/Daniel/eclipseCPP-Cworkspace/FreeRTOS801/Release/libFreeRTOS801.a(i2cMultiMaster.o)
                0x000017c2                I2C_Slave_Start_Transceiver_With_Data
 .text.I2C_Master_Start_Transceiver_With_Data
                0x00001802       0x4e C:/Users/Daniel/eclipseCPP-Cworkspace/FreeRTOS801/Release/libFreeRTOS801.a(i2cMultiMaster.o)
                0x00001802                I2C_Master_Start_Transceiver_With_Data
 .text.I2C_Slave_Get_Data_From_Transceiver
                0x00001850       0x48 C:/Users/Daniel/eclipseCPP-Cworkspace/FreeRTOS801/Release/libFreeRTOS801.a(i2cMultiMaster.o)
                0x00001850                I2C_Slave_Get_Data_From_Transceiver
 .text.I2C_Master_Get_Data_From_Transceiver
                0x00001898       0x40 C:/Users/Daniel/eclipseCPP-Cworkspace/FreeRTOS801/Release/libFreeRTOS801.a(i2cMultiMaster.o)
                0x00001898                I2C_Master_Get_Data_From_Transceiver
 .text.I2C_Check_Free_After_Stop
                0x000018d8       0x12 C:/Users/Daniel/eclipseCPP-Cworkspace/FreeRTOS801/Release/libFreeRTOS801.a(i2cMultiMaster.o)
                0x000018d8                I2C_Check_Free_After_Stop
 .text.I2C_Get_State_Info
                0x000018ea        0xe C:/Users/Daniel/eclipseCPP-Cworkspace/FreeRTOS801/Release/libFreeRTOS801.a(i2cMultiMaster.o)
                0x000018ea                I2C_Get_State_Info
 .text.__vector_39
                0x000018f8      0x1b2 C:/Users/Daniel/eclipseCPP-Cworkspace/FreeRTOS801/Release/libFreeRTOS801.a(i2cMultiMaster.o)
                0x000018f8                __vector_39
 .text.I2C_Master_Initialise
                0x00001aaa       0x60 C:/Users/Daniel/eclipseCPP-Cworkspace/FreeRTOS801/Release/libFreeRTOS801.a(i2cMultiMaster.o)
                0x00001aaa                I2C_Master_Initialise
 .text.I2C_Slave_Initialise
                0x00001b0a       0x50 C:/Users/Daniel/eclipseCPP-Cworkspace/FreeRTOS801/Release/libFreeRTOS801.a(i2cMultiMaster.o)
                0x00001b0a                I2C_Slave_Initialise
 .text.hot      0x00001b5a      0xc06 C:/Users/Daniel/eclipseCPP-Cworkspace/FreeRTOS801/Release/libFreeRTOS801.a(queue.o)
                0x0000204c                xQueueGenericSendFromISR
                0x00001bda                xQueuePeekFromISR
                0x00001b84                uxQueueGetQueueNumber
                0x00001bbc                vQueueDelete
                0x0000215e                xQueueGenericSend
                0x00001b90                ucQueueGetQueueType
                0x00001c34                xQueueReceiveFromISR
                0x00002684                xQueueGenericCreate
                0x00001b8a                vQueueSetQueueNumber
                0x00001b6a                uxQueueSpacesAvailable
                0x00001ba6                xQueueIsQueueFullFromISR
                0x00001cc4                xQueueGenericReceive
                0x00001b5a                uxQueueMessagesWaiting
                0x000025f4                xQueueGenericReset
                0x00001b7e                uxQueueMessagesWaitingFromISR
                0x00001b96                xQueueIsQueueEmptyFromISR
                0x00002512                xQueueCreateMutex
 .text.hot      0x00002760     0x3098 C:/Users/Daniel/eclipseCPP-Cworkspace/FreeRTOS801/Release/libFreeRTOS801.a(tasks.o)
                0x00002e8a                vTaskPlaceOnUnorderedEventList
                0x0000340e                vTaskGetRunTimeStats
                0x00005416                vTaskEndScheduler
                0x00002f68                vTaskPlaceOnEventList
                0x00005422                xTaskGenericCreate
                0x000029a6                uxTaskGetStackHighWaterMark
                0x00002ddc                xTaskResumeFromISR
                0x0000276c                xTaskGetTickCount
                0x00002b94                xTaskRemoveFromEventList
                0x0000534c                vTaskDelete
                0x000027aa                xTaskCheckForTimeOut
                0x00002760                vTaskSuspendAll
                0x00002782                xTaskGetTickCountFromISR
                0x00002a20                vTaskPriorityDisinherit
                0x00002a84                vTaskPriorityInherit
                0x00004a4e                vTaskResume
                0x00003038                vTaskSwitchContext
                0x0000283e                vTaskSetTaskNumber
                0x00004ada                vTaskSuspend
                0x0000278e                uxTaskGetNumberOfTasks
                0x00003f5c                vTaskList
                0x00002830                uxTaskGetTaskNumber
                0x0000500c                vTaskDelayUntil
                0x000029e4                xTaskGetCurrentTaskHandle
                0x00002b24                xTaskRemoveFromUnorderedEventList
                0x00003194                xTaskResumeAll
                0x0000562c                vTaskStartScheduler
                0x00002828                vTaskMissedYield
                0x00002c26                xTaskIncrementTick
                0x00004cfc                vTaskDelay
                0x00002794                vTaskSetTimeOutState
                0x000029f0                uxTaskResetEventItemValue
 .text.uxTaskGetSystemState
                0x000057f8      0x102 C:/Users/Daniel/eclipseCPP-Cworkspace/FreeRTOS801/Release/libFreeRTOS801.a(tasks.o)
                0x000057f8                uxTaskGetSystemState
 .text.hot      0x000058fa      0x12a C:/Users/Daniel/eclipseCPP-Cworkspace/FreeRTOS801/Release/libFreeRTOS801.a(port.o)
                0x00005990                xPortStartScheduler
                0x00005a22                vPortEndScheduler
                0x000058fa                pxPortInitialiseStack
 .text.vPortYieldFromTick
                0x00005a24       0xf8 C:/Users/Daniel/eclipseCPP-Cworkspace/FreeRTOS801/Release/libFreeRTOS801.a(port.o)
                0x00005a24                vPortYieldFromTick
 .text.__vector_32
                0x00005b1c        0x6 C:/Users/Daniel/eclipseCPP-Cworkspace/FreeRTOS801/Release/libFreeRTOS801.a(port.o)
                0x00005b1c                __vector_32
 .text.vPortYield
                0x00005b22       0xc2 C:/Users/Daniel/eclipseCPP-Cworkspace/FreeRTOS801/Release/libFreeRTOS801.a(port.o)
                0x00005b22                vPortYield
 .text.hot      0x00005be4      0x2f8 C:/Users/Daniel/eclipseCPP-Cworkspace/FreeRTOS801/Release/libFreeRTOS801.a(heap_4.o)
                0x00005be4                xPortGetFreeHeapSize
                0x00005bfa                vPortFree
                0x00005ce0                pvPortMalloc
                0x00005bf8                vPortInitialiseBlocks
                0x00005bee                xPortGetMinimumEverFreeHeapSize
 .text.vListInitialise
                0x00005edc       0x20 C:/Users/Daniel/eclipseCPP-Cworkspace/FreeRTOS801/Release/libFreeRTOS801.a(list.o)
                0x00005edc                vListInitialise
 .text.vListInitialiseItem
                0x00005efc        0x8 C:/Users/Daniel/eclipseCPP-Cworkspace/FreeRTOS801/Release/libFreeRTOS801.a(list.o)
                0x00005efc                vListInitialiseItem
 .text.vListInsertEnd
                0x00005f04       0x3e C:/Users/Daniel/eclipseCPP-Cworkspace/FreeRTOS801/Release/libFreeRTOS801.a(list.o)
                0x00005f04                vListInsertEnd
 .text.vListInsert
                0x00005f42       0x64 C:/Users/Daniel/eclipseCPP-Cworkspace/FreeRTOS801/Release/libFreeRTOS801.a(list.o)
                0x00005f42                vListInsert
 .text.uxListRemove
                0x00005fa6       0x56 C:/Users/Daniel/eclipseCPP-Cworkspace/FreeRTOS801/Release/libFreeRTOS801.a(list.o)
                0x00005fa6                uxListRemove
 .text.xconfigTimerForRunTimeStats
                0x00005ffc       0x18 C:/Users/Daniel/eclipseCPP-Cworkspace/FreeRTOS801/Release/libFreeRTOS801.a(runtTimeStatsTimer.o)
                0x00005ffc                xconfigTimerForRunTimeStats
 .text.setDefaultUSART
                0x00006014        0x6 C:\Users\Daniel\eclipseCPP-Cworkspace\CEG4166_RTS_Lib\Release\libCEG4166_RTS_Lib.a(usartSerial.o)
                0x00006014                setDefaultUSART
 .text.usartWrite
                0x0000601a       0x52 C:\Users\Daniel\eclipseCPP-Cworkspace\CEG4166_RTS_Lib\Release\libCEG4166_RTS_Lib.a(usartSerial.o)
                0x0000601a                usartWrite
 .text.usartRead
                0x0000606c       0x5c C:\Users\Daniel\eclipseCPP-Cworkspace\CEG4166_RTS_Lib\Release\libCEG4166_RTS_Lib.a(usartSerial.o)
                0x0000606c                usartRead
 .text.usart_xflushRx
                0x000060c8       0x82 C:\Users\Daniel\eclipseCPP-Cworkspace\CEG4166_RTS_Lib\Release\libCEG4166_RTS_Lib.a(usartSerial.o)
                0x000060c8                usart_xflushRx
 .text.usart_AvailableCharRx
                0x0000614a       0x2a C:\Users\Daniel\eclipseCPP-Cworkspace\CEG4166_RTS_Lib\Release\libCEG4166_RTS_Lib.a(usartSerial.o)
                0x0000614a                usart_AvailableCharRx
 .text.usart_xgetChar
                0x00006174       0x8a C:\Users\Daniel\eclipseCPP-Cworkspace\CEG4166_RTS_Lib\Release\libCEG4166_RTS_Lib.a(usartSerial.o)
                0x00006174                usart_xgetChar
 .text.usart_xputChar
                0x000061fe      0x116 C:\Users\Daniel\eclipseCPP-Cworkspace\CEG4166_RTS_Lib\Release\libCEG4166_RTS_Lib.a(usartSerial.o)
                0x000061fe                usart_xputChar
 .text.usartCheckRxComplete
                0x00006314       0x24 C:\Users\Daniel\eclipseCPP-Cworkspace\CEG4166_RTS_Lib\Release\libCEG4166_RTS_Lib.a(usartSerial.o)
                0x00006314                usartCheckRxComplete
 .text.usart_rx_isr
                0x00006338       0xd0 C:\Users\Daniel\eclipseCPP-Cworkspace\CEG4166_RTS_Lib\Release\libCEG4166_RTS_Lib.a(usartSerial.o)
                0x00006338                usart_rx_isr
 .text.__vector_54
                0x00006408       0x52 C:\Users\Daniel\eclipseCPP-Cworkspace\CEG4166_RTS_Lib\Release\libCEG4166_RTS_Lib.a(usartSerial.o)
                0x00006408                __vector_54
 .text.__vector_51
                0x0000645a       0x52 C:\Users\Daniel\eclipseCPP-Cworkspace\CEG4166_RTS_Lib\Release\libCEG4166_RTS_Lib.a(usartSerial.o)
                0x0000645a                __vector_51
 .text.__vector_36
                0x000064ac       0x52 C:\Users\Daniel\eclipseCPP-Cworkspace\CEG4166_RTS_Lib\Release\libCEG4166_RTS_Lib.a(usartSerial.o)
                0x000064ac                __vector_36
 .text.__vector_25
                0x000064fe       0x52 C:\Users\Daniel\eclipseCPP-Cworkspace\CEG4166_RTS_Lib\Release\libCEG4166_RTS_Lib.a(usartSerial.o)
                0x000064fe                __vector_25
 .text.usart_tx_isr
                0x00006550       0xb6 C:\Users\Daniel\eclipseCPP-Cworkspace\CEG4166_RTS_Lib\Release\libCEG4166_RTS_Lib.a(usartSerial.o)
                0x00006550                usart_tx_isr
 .text.__vector_55
                0x00006606       0x52 C:\Users\Daniel\eclipseCPP-Cworkspace\CEG4166_RTS_Lib\Release\libCEG4166_RTS_Lib.a(usartSerial.o)
                0x00006606                __vector_55
 .text.__vector_52
                0x00006658       0x52 C:\Users\Daniel\eclipseCPP-Cworkspace\CEG4166_RTS_Lib\Release\libCEG4166_RTS_Lib.a(usartSerial.o)
                0x00006658                __vector_52
 .text.__vector_37
                0x000066aa       0x52 C:\Users\Daniel\eclipseCPP-Cworkspace\CEG4166_RTS_Lib\Release\libCEG4166_RTS_Lib.a(usartSerial.o)
                0x000066aa                __vector_37
 .text.__vector_26
                0x000066fc       0x52 C:\Users\Daniel\eclipseCPP-Cworkspace\CEG4166_RTS_Lib\Release\libCEG4166_RTS_Lib.a(usartSerial.o)
                0x000066fc                __vector_26
 .text.usart_xfprint_P
                0x0000674e       0x48 C:\Users\Daniel\eclipseCPP-Cworkspace\CEG4166_RTS_Lib\Release\libCEG4166_RTS_Lib.a(usartSerial.o)
                0x0000674e                usart_xfprint_P
 .text.usart_xprint_P
                0x00006796        0xc C:\Users\Daniel\eclipseCPP-Cworkspace\CEG4166_RTS_Lib\Release\libCEG4166_RTS_Lib.a(usartSerial.o)
                0x00006796                usart_xprint_P
 .text.usart_fprint_P
                0x000067a2       0x8a C:\Users\Daniel\eclipseCPP-Cworkspace\CEG4166_RTS_Lib\Release\libCEG4166_RTS_Lib.a(usartSerial.o)
                0x000067a2                usart_fprint_P
 .text.usart_print_P
                0x0000682c        0xc C:\Users\Daniel\eclipseCPP-Cworkspace\CEG4166_RTS_Lib\Release\libCEG4166_RTS_Lib.a(usartSerial.o)
                0x0000682c                usart_print_P
 .text.usart_xfprint
                0x00006838       0x50 C:\Users\Daniel\eclipseCPP-Cworkspace\CEG4166_RTS_Lib\Release\libCEG4166_RTS_Lib.a(usartSerial.o)
                0x00006838                usart_xfprint
 .text.usart_xfprintf_P_arg
                0x00006888       0x7a C:\Users\Daniel\eclipseCPP-Cworkspace\CEG4166_RTS_Lib\Release\libCEG4166_RTS_Lib.a(usartSerial.o)
                0x00006888                usart_xfprintf_P_arg
 .text.usart_xfprintf_arg
                0x00006902       0x7a C:\Users\Daniel\eclipseCPP-Cworkspace\CEG4166_RTS_Lib\Release\libCEG4166_RTS_Lib.a(usartSerial.o)
                0x00006902                usart_xfprintf_arg
 .text.usart_xprint
                0x0000697c        0xc C:\Users\Daniel\eclipseCPP-Cworkspace\CEG4166_RTS_Lib\Release\libCEG4166_RTS_Lib.a(usartSerial.o)
                0x0000697c                usart_xprint
 .text.usart_fprint
                0x00006988       0x84 C:\Users\Daniel\eclipseCPP-Cworkspace\CEG4166_RTS_Lib\Release\libCEG4166_RTS_Lib.a(usartSerial.o)
                0x00006988                usart_fprint
 .text.usart_fprintf_P_arg
                0x00006a0c       0x5c C:\Users\Daniel\eclipseCPP-Cworkspace\CEG4166_RTS_Lib\Release\libCEG4166_RTS_Lib.a(usartSerial.o)
                0x00006a0c                usart_fprintf_P_arg
 .text.usart_fprintf_arg
                0x00006a68       0x58 C:\Users\Daniel\eclipseCPP-Cworkspace\CEG4166_RTS_Lib\Release\libCEG4166_RTS_Lib.a(usartSerial.o)
                0x00006a68                usart_fprintf_arg
 .text.usart_print
                0x00006ac0        0xc C:\Users\Daniel\eclipseCPP-Cworkspace\CEG4166_RTS_Lib\Release\libCEG4166_RTS_Lib.a(usartSerial.o)
                0x00006ac0                usart_print
 .text.usart_xfprintf_P
                0x00006acc       0x20 C:\Users\Daniel\eclipseCPP-Cworkspace\CEG4166_RTS_Lib\Release\libCEG4166_RTS_Lib.a(usartSerial.o)
                0x00006acc                usart_xfprintf_P
 .text.usart_xfprintf
                0x00006aec       0x20 C:\Users\Daniel\eclipseCPP-Cworkspace\CEG4166_RTS_Lib\Release\libCEG4166_RTS_Lib.a(usartSerial.o)
                0x00006aec                usart_xfprintf
 .text.usart_xprintf_P
                0x00006b0c       0x20 C:\Users\Daniel\eclipseCPP-Cworkspace\CEG4166_RTS_Lib\Release\libCEG4166_RTS_Lib.a(usartSerial.o)
                0x00006b0c                usart_xprintf_P
 .text.usart_xprintf
                0x00006b2c       0x20 C:\Users\Daniel\eclipseCPP-Cworkspace\CEG4166_RTS_Lib\Release\libCEG4166_RTS_Lib.a(usartSerial.o)
                0x00006b2c                usart_xprintf
 .text.usart_fprintf_P
                0x00006b4c       0x20 C:\Users\Daniel\eclipseCPP-Cworkspace\CEG4166_RTS_Lib\Release\libCEG4166_RTS_Lib.a(usartSerial.o)
                0x00006b4c                usart_fprintf_P
 .text.usart_fprintf
                0x00006b6c       0x20 C:\Users\Daniel\eclipseCPP-Cworkspace\CEG4166_RTS_Lib\Release\libCEG4166_RTS_Lib.a(usartSerial.o)
                0x00006b6c                usart_fprintf
 .text.usart_printf_P
                0x00006b8c       0x20 C:\Users\Daniel\eclipseCPP-Cworkspace\CEG4166_RTS_Lib\Release\libCEG4166_RTS_Lib.a(usartSerial.o)
                0x00006b8c                usart_printf_P
 .text.usart_printf
                0x00006bac       0x20 C:\Users\Daniel\eclipseCPP-Cworkspace\CEG4166_RTS_Lib\Release\libCEG4166_RTS_Lib.a(usartSerial.o)
                0x00006bac                usart_printf
 .text.usartClose
                0x00006bcc       0x82 C:\Users\Daniel\eclipseCPP-Cworkspace\CEG4166_RTS_Lib\Release\libCEG4166_RTS_Lib.a(usartSerial.o)
                0x00006bcc                usartClose
 .text.usartOpen
                0x00006c4e      0x18a C:\Users\Daniel\eclipseCPP-Cworkspace\CEG4166_RTS_Lib\Release\libCEG4166_RTS_Lib.a(usartSerial.o)
                0x00006c4e                usartOpen
 .text.libgcc   0x00006dd8       0x44 c:/arduino/hardware/tools/avr/bin/../lib/gcc/avr/4.3.2/avr6\libgcc.a(_udivmodsi4.o)
                0x00006dd8                __udivmodsi4
 .text.libgcc   0x00006e1c       0x38 c:/arduino/hardware/tools/avr/bin/../lib/gcc/avr/4.3.2/avr6\libgcc.a(_prologue.o)
                0x00006e1c                __prologue_saves__
 .text.libgcc   0x00006e54       0x36 c:/arduino/hardware/tools/avr/bin/../lib/gcc/avr/4.3.2/avr6\libgcc.a(_epilogue.o)
                0x00006e54                __epilogue_restores__
 .text.libgcc   0x00006e8a        0x0 c:/arduino/hardware/tools/avr/bin/../lib/gcc/avr/4.3.2/avr6\libgcc.a(_exit.o)
 .text.libgcc   0x00006e8a        0xc c:/arduino/hardware/tools/avr/bin/../lib/gcc/avr/4.3.2/avr6\libgcc.a(_tablejump.o)
                0x00006e8e                __tablejump__
                0x00006e8a                __tablejump2__
 .text.libgcc   0x00006e96        0x0 c:/arduino/hardware/tools/avr/bin/../lib/gcc/avr/4.3.2/avr6\libgcc.a(_clear_bss.o)
                0x00006e96                . = ALIGN (0x2)
 *(.fini9)
 .fini9         0x00006e96        0x0 c:/arduino/hardware/tools/avr/bin/../lib/gcc/avr/4.3.2/avr6\libgcc.a(_exit.o)
                0x00006e96                exit
                0x00006e96                _exit
 *(.fini9)
 *(.fini8)
 *(.fini8)
 *(.fini7)
 *(.fini7)
 *(.fini6)
 *(.fini6)
 *(.fini5)
 *(.fini5)
 *(.fini4)
 *(.fini4)
 *(.fini3)
 *(.fini3)
 *(.fini2)
 *(.fini2)
 *(.fini1)
 *(.fini1)
 *(.fini0)
 .fini0         0x00006e96        0x4 c:/arduino/hardware/tools/avr/bin/../lib/gcc/avr/4.3.2/avr6\libgcc.a(_exit.o)
 *(.fini0)
                0x00006e9a                _etext = .

.data           0x00800200       0x96 load address 0x00006e9a
                0x00800200                PROVIDE (__data_start, .)
 *(.data)
 .data          0x00800200        0x0 c:/arduino/hardware/tools/avr/bin/../lib/gcc/avr/4.3.2/../../../../avr/lib/avr6/crtm2560.o
 .data          0x00800200        0xb ./SerialLCDModule.o
 .data          0x0080020b        0x0 ./ledModule.o
 .data          0x0080020b       0x11 ./main.o
 .data          0x0080021c        0x0 ./thermalSensor.o
 .data          0x0080021c        0x0 C:/Users/Daniel/eclipseCPP-Cworkspace/FreeRTOS801/Release/libFreeRTOS801.a(i2cMultiMaster.o)
 .data          0x0080021c        0x0 C:/Users/Daniel/eclipseCPP-Cworkspace/FreeRTOS801/Release/libFreeRTOS801.a(queue.o)
 .data          0x0080021c       0x35 C:/Users/Daniel/eclipseCPP-Cworkspace/FreeRTOS801/Release/libFreeRTOS801.a(tasks.o)
 .data          0x00800251        0x0 C:/Users/Daniel/eclipseCPP-Cworkspace/FreeRTOS801/Release/libFreeRTOS801.a(port.o)
 .data          0x00800251        0x0 C:/Users/Daniel/eclipseCPP-Cworkspace/FreeRTOS801/Release/libFreeRTOS801.a(system_tick.o)
 .data          0x00800251        0x0 C:/Users/Daniel/eclipseCPP-Cworkspace/FreeRTOS801/Release/libFreeRTOS801.a(system_time.o)
 .data          0x00800251        0x0 C:/Users/Daniel/eclipseCPP-Cworkspace/FreeRTOS801/Release/libFreeRTOS801.a(heap_4.o)
 .data          0x00800251        0x0 C:/Users/Daniel/eclipseCPP-Cworkspace/FreeRTOS801/Release/libFreeRTOS801.a(list.o)
 .data          0x00800251        0x0 C:/Users/Daniel/eclipseCPP-Cworkspace/FreeRTOS801/Release/libFreeRTOS801.a(runtTimeStatsTimer.o)
 .data          0x00800251        0x0 c:/arduino/hardware/tools/avr/bin/../lib/gcc/avr/4.3.2/../../../../avr/lib/avr6\libprintf_flt.a(vfprintf_flt.o)
 .data          0x00800251        0x0 C:\Users\Daniel\eclipseCPP-Cworkspace\CEG4166_RTS_Lib\Release\libCEG4166_RTS_Lib.a(usartSerial.o)
 .data          0x00800251        0x0 c:/arduino/hardware/tools/avr/bin/../lib/gcc/avr/4.3.2/avr6\libgcc.a(_udivmodsi4.o)
 .data          0x00800251        0x0 c:/arduino/hardware/tools/avr/bin/../lib/gcc/avr/4.3.2/avr6\libgcc.a(_prologue.o)
 .data          0x00800251        0x0 c:/arduino/hardware/tools/avr/bin/../lib/gcc/avr/4.3.2/avr6\libgcc.a(_epilogue.o)
 .data          0x00800251        0x0 c:/arduino/hardware/tools/avr/bin/../lib/gcc/avr/4.3.2/avr6\libgcc.a(_exit.o)
 .data          0x00800251        0x0 c:/arduino/hardware/tools/avr/bin/../lib/gcc/avr/4.3.2/avr6\libgcc.a(_tablejump.o)
 .data          0x00800251        0x0 c:/arduino/hardware/tools/avr/bin/../lib/gcc/avr/4.3.2/avr6\libgcc.a(_clear_bss.o)
 .data          0x00800251        0x0 c:/arduino/hardware/tools/avr/bin/../lib/gcc/avr/4.3.2/../../../../avr/lib/avr6\libc.a(ftoa_engine.o)
 .data          0x00800251        0x0 c:/arduino/hardware/tools/avr/bin/../lib/gcc/avr/4.3.2/../../../../avr/lib/avr6\libc.a(strlen_P.o)
 .data          0x00800251        0x0 c:/arduino/hardware/tools/avr/bin/../lib/gcc/avr/4.3.2/../../../../avr/lib/avr6\libc.a(strnlen_P.o)
 .data          0x00800251        0x0 c:/arduino/hardware/tools/avr/bin/../lib/gcc/avr/4.3.2/../../../../avr/lib/avr6\libc.a(memcpy.o)
 .data          0x00800251        0x0 c:/arduino/hardware/tools/avr/bin/../lib/gcc/avr/4.3.2/../../../../avr/lib/avr6\libc.a(memset.o)
 .data          0x00800251        0x0 c:/arduino/hardware/tools/avr/bin/../lib/gcc/avr/4.3.2/../../../../avr/lib/avr6\libc.a(strnlen.o)
 .data          0x00800251        0x0 c:/arduino/hardware/tools/avr/bin/../lib/gcc/avr/4.3.2/../../../../avr/lib/avr6\libc.a(fputc.o)
 .data          0x00800251        0x0 c:/arduino/hardware/tools/avr/bin/../lib/gcc/avr/4.3.2/../../../../avr/lib/avr6\libc.a(sprintf.o)
 .data          0x00800251        0x0 c:/arduino/hardware/tools/avr/bin/../lib/gcc/avr/4.3.2/../../../../avr/lib/avr6\libc.a(vsnprintf.o)
 .data          0x00800251        0x0 c:/arduino/hardware/tools/avr/bin/../lib/gcc/avr/4.3.2/../../../../avr/lib/avr6\libc.a(vsnprintf_p.o)
 .data          0x00800251        0x0 c:/arduino/hardware/tools/avr/bin/../lib/gcc/avr/4.3.2/../../../../avr/lib/avr6\libc.a(ultoa_invert.o)
 *(.data*)
 .data.thisUsartID
                0x00800251        0x2 ./SerialLCDModule.o
                0x00800251                thisUsartID
 .data.avgTemp  0x00800253        0x1 ./thermalSensor.o
                0x00800253                avgTemp
 .data.I2C_state
                0x00800254        0x1 C:/Users/Daniel/eclipseCPP-Cworkspace/FreeRTOS801/Release/libFreeRTOS801.a(i2cMultiMaster.o)
 .data.xNextTaskUnblockTime
                0x00800255        0x2 C:/Users/Daniel/eclipseCPP-Cworkspace/FreeRTOS801/Release/libFreeRTOS801.a(tasks.o)
 .data.xMinimumEverFreeBytesRemaining
                0x00800257        0x2 C:/Users/Daniel/eclipseCPP-Cworkspace/FreeRTOS801/Release/libFreeRTOS801.a(heap_4.o)
 .data.xFreeBytesRemaining
                0x00800259        0x2 C:/Users/Daniel/eclipseCPP-Cworkspace/FreeRTOS801/Release/libFreeRTOS801.a(heap_4.o)
 .data.usartReg
                0x0080025b       0x28 C:\Users\Daniel\eclipseCPP-Cworkspace\CEG4166_RTS_Lib\Release\libCEG4166_RTS_Lib.a(usartSerial.o)
                0x0080025b                usartReg
 *(.rodata)
 *(.rodata*)
 .rodata.C.1.2239
                0x00800283       0x12 ./thermalSensor.o
 *(.gnu.linkonce.d*)
                0x00800296                . = ALIGN (0x2)
 *fill*         0x00800295        0x1 00
                0x00800296                _edata = .
                0x00800296                PROVIDE (__data_end, .)

.bss            0x00800296     0x1318
                0x00800296                PROVIDE (__bss_start, .)
 *(.bss)
 .bss           0x00800296        0x0 c:/arduino/hardware/tools/avr/bin/../lib/gcc/avr/4.3.2/../../../../avr/lib/avr6/crtm2560.o
 .bss           0x00800296        0x0 ./SerialLCDModule.o
 .bss           0x00800296        0x0 ./ledModule.o
 .bss           0x00800296        0x0 ./main.o
 .bss           0x00800296        0x0 ./thermalSensor.o
 .bss           0x00800296        0x0 C:/Users/Daniel/eclipseCPP-Cworkspace/FreeRTOS801/Release/libFreeRTOS801.a(i2cMultiMaster.o)
 .bss           0x00800296        0x0 C:/Users/Daniel/eclipseCPP-Cworkspace/FreeRTOS801/Release/libFreeRTOS801.a(queue.o)
 .bss           0x00800296        0x0 C:/Users/Daniel/eclipseCPP-Cworkspace/FreeRTOS801/Release/libFreeRTOS801.a(tasks.o)
 .bss           0x00800296        0x0 C:/Users/Daniel/eclipseCPP-Cworkspace/FreeRTOS801/Release/libFreeRTOS801.a(port.o)
 .bss           0x00800296        0x0 C:/Users/Daniel/eclipseCPP-Cworkspace/FreeRTOS801/Release/libFreeRTOS801.a(system_tick.o)
 .bss           0x00800296        0x0 C:/Users/Daniel/eclipseCPP-Cworkspace/FreeRTOS801/Release/libFreeRTOS801.a(system_time.o)
 .bss           0x00800296        0x0 C:/Users/Daniel/eclipseCPP-Cworkspace/FreeRTOS801/Release/libFreeRTOS801.a(heap_4.o)
 .bss           0x00800296        0x0 C:/Users/Daniel/eclipseCPP-Cworkspace/FreeRTOS801/Release/libFreeRTOS801.a(list.o)
 .bss           0x00800296        0x0 C:/Users/Daniel/eclipseCPP-Cworkspace/FreeRTOS801/Release/libFreeRTOS801.a(runtTimeStatsTimer.o)
 .bss           0x00800296        0x0 c:/arduino/hardware/tools/avr/bin/../lib/gcc/avr/4.3.2/../../../../avr/lib/avr6\libprintf_flt.a(vfprintf_flt.o)
 .bss           0x00800296        0x0 C:\Users\Daniel\eclipseCPP-Cworkspace\CEG4166_RTS_Lib\Release\libCEG4166_RTS_Lib.a(usartSerial.o)
 .bss           0x00800296        0x0 c:/arduino/hardware/tools/avr/bin/../lib/gcc/avr/4.3.2/avr6\libgcc.a(_udivmodsi4.o)
 .bss           0x00800296        0x0 c:/arduino/hardware/tools/avr/bin/../lib/gcc/avr/4.3.2/avr6\libgcc.a(_prologue.o)
 .bss           0x00800296        0x0 c:/arduino/hardware/tools/avr/bin/../lib/gcc/avr/4.3.2/avr6\libgcc.a(_epilogue.o)
 .bss           0x00800296        0x0 c:/arduino/hardware/tools/avr/bin/../lib/gcc/avr/4.3.2/avr6\libgcc.a(_exit.o)
 .bss           0x00800296        0x0 c:/arduino/hardware/tools/avr/bin/../lib/gcc/avr/4.3.2/avr6\libgcc.a(_tablejump.o)
 .bss           0x00800296        0x0 c:/arduino/hardware/tools/avr/bin/../lib/gcc/avr/4.3.2/avr6\libgcc.a(_clear_bss.o)
 .bss           0x00800296        0x0 c:/arduino/hardware/tools/avr/bin/../lib/gcc/avr/4.3.2/../../../../avr/lib/avr6\libc.a(ftoa_engine.o)
 .bss           0x00800296        0x0 c:/arduino/hardware/tools/avr/bin/../lib/gcc/avr/4.3.2/../../../../avr/lib/avr6\libc.a(strlen_P.o)
 .bss           0x00800296        0x0 c:/arduino/hardware/tools/avr/bin/../lib/gcc/avr/4.3.2/../../../../avr/lib/avr6\libc.a(strnlen_P.o)
 .bss           0x00800296        0x0 c:/arduino/hardware/tools/avr/bin/../lib/gcc/avr/4.3.2/../../../../avr/lib/avr6\libc.a(memcpy.o)
 .bss           0x00800296        0x0 c:/arduino/hardware/tools/avr/bin/../lib/gcc/avr/4.3.2/../../../../avr/lib/avr6\libc.a(memset.o)
 .bss           0x00800296        0x0 c:/arduino/hardware/tools/avr/bin/../lib/gcc/avr/4.3.2/../../../../avr/lib/avr6\libc.a(strnlen.o)
 .bss           0x00800296        0x0 c:/arduino/hardware/tools/avr/bin/../lib/gcc/avr/4.3.2/../../../../avr/lib/avr6\libc.a(fputc.o)
 .bss           0x00800296        0x0 c:/arduino/hardware/tools/avr/bin/../lib/gcc/avr/4.3.2/../../../../avr/lib/avr6\libc.a(sprintf.o)
 .bss           0x00800296        0x0 c:/arduino/hardware/tools/avr/bin/../lib/gcc/avr/4.3.2/../../../../avr/lib/avr6\libc.a(vsnprintf.o)
 .bss           0x00800296        0x0 c:/arduino/hardware/tools/avr/bin/../lib/gcc/avr/4.3.2/../../../../avr/lib/avr6\libc.a(vsnprintf_p.o)
 .bss           0x00800296        0x0 c:/arduino/hardware/tools/avr/bin/../lib/gcc/avr/4.3.2/../../../../avr/lib/avr6\libc.a(ultoa_invert.o)
 *(.bss*)
 .bss.xI2CSemaphore
                0x00800296        0x2 C:/Users/Daniel/eclipseCPP-Cworkspace/FreeRTOS801/Release/libFreeRTOS801.a(i2cMultiMaster.o)
                0x00800296                xI2CSemaphore
 .bss.I2C_statusReg
                0x00800298        0x1 C:/Users/Daniel/eclipseCPP-Cworkspace/FreeRTOS801/Release/libFreeRTOS801.a(i2cMultiMaster.o)
                0x00800298                I2C_statusReg
 .bss.I2C_checkBusyAfterStop
                0x00800299        0x1 C:/Users/Daniel/eclipseCPP-Cworkspace/FreeRTOS801/Release/libFreeRTOS801.a(i2cMultiMaster.o)
 .bss.I2C_bufPtr.1873
                0x0080029a        0x1 C:/Users/Daniel/eclipseCPP-Cworkspace/FreeRTOS801/Release/libFreeRTOS801.a(i2cMultiMaster.o)
 .bss.I2C_buf   0x0080029b       0x18 C:/Users/Daniel/eclipseCPP-Cworkspace/FreeRTOS801/Release/libFreeRTOS801.a(i2cMultiMaster.o)
 .bss.I2C_msgSize
                0x008002b3        0x1 C:/Users/Daniel/eclipseCPP-Cworkspace/FreeRTOS801/Release/libFreeRTOS801.a(i2cMultiMaster.o)
 .bss.pxCurrentTCB
                0x008002b4        0x2 C:/Users/Daniel/eclipseCPP-Cworkspace/FreeRTOS801/Release/libFreeRTOS801.a(tasks.o)
                0x008002b4                pxCurrentTCB
 .bss.uxCurrentNumberOfTasks
                0x008002b6        0x1 C:/Users/Daniel/eclipseCPP-Cworkspace/FreeRTOS801/Release/libFreeRTOS801.a(tasks.o)
 .bss.uxTopReadyPriority
                0x008002b7        0x1 C:/Users/Daniel/eclipseCPP-Cworkspace/FreeRTOS801/Release/libFreeRTOS801.a(tasks.o)
 .bss.xYieldPending
                0x008002b8        0x1 C:/Users/Daniel/eclipseCPP-Cworkspace/FreeRTOS801/Release/libFreeRTOS801.a(tasks.o)
 .bss.xTickCount
                0x008002b9        0x2 C:/Users/Daniel/eclipseCPP-Cworkspace/FreeRTOS801/Release/libFreeRTOS801.a(tasks.o)
 .bss.xNumOfOverflows
                0x008002bb        0x1 C:/Users/Daniel/eclipseCPP-Cworkspace/FreeRTOS801/Release/libFreeRTOS801.a(tasks.o)
 .bss.uxSchedulerSuspended
                0x008002bc        0x1 C:/Users/Daniel/eclipseCPP-Cworkspace/FreeRTOS801/Release/libFreeRTOS801.a(tasks.o)
 .bss.ulTotalRunTime
                0x008002bd        0x4 C:/Users/Daniel/eclipseCPP-Cworkspace/FreeRTOS801/Release/libFreeRTOS801.a(tasks.o)
 .bss.ulTaskSwitchedInTime
                0x008002c1        0x4 C:/Users/Daniel/eclipseCPP-Cworkspace/FreeRTOS801/Release/libFreeRTOS801.a(tasks.o)
 .bss.uxPendedTicks
                0x008002c5        0x1 C:/Users/Daniel/eclipseCPP-Cworkspace/FreeRTOS801/Release/libFreeRTOS801.a(tasks.o)
 .bss.xSchedulerRunning
                0x008002c6        0x1 C:/Users/Daniel/eclipseCPP-Cworkspace/FreeRTOS801/Release/libFreeRTOS801.a(tasks.o)
 .bss.uxTasksDeleted
                0x008002c7        0x1 C:/Users/Daniel/eclipseCPP-Cworkspace/FreeRTOS801/Release/libFreeRTOS801.a(tasks.o)
 .bss.uxTaskNumber
                0x008002c8        0x1 C:/Users/Daniel/eclipseCPP-Cworkspace/FreeRTOS801/Release/libFreeRTOS801.a(tasks.o)
 .bss.pxReadyTasksLists
                0x008002c9       0x24 C:/Users/Daniel/eclipseCPP-Cworkspace/FreeRTOS801/Release/libFreeRTOS801.a(tasks.o)
 .bss.xDelayedTaskList1
                0x008002ed        0x9 C:/Users/Daniel/eclipseCPP-Cworkspace/FreeRTOS801/Release/libFreeRTOS801.a(tasks.o)
 .bss.xDelayedTaskList2
                0x008002f6        0x9 C:/Users/Daniel/eclipseCPP-Cworkspace/FreeRTOS801/Release/libFreeRTOS801.a(tasks.o)
 .bss.pxDelayedTaskList
                0x008002ff        0x2 C:/Users/Daniel/eclipseCPP-Cworkspace/FreeRTOS801/Release/libFreeRTOS801.a(tasks.o)
 .bss.pxOverflowDelayedTaskList
                0x00800301        0x2 C:/Users/Daniel/eclipseCPP-Cworkspace/FreeRTOS801/Release/libFreeRTOS801.a(tasks.o)
 .bss.xPendingReadyList
                0x00800303        0x9 C:/Users/Daniel/eclipseCPP-Cworkspace/FreeRTOS801/Release/libFreeRTOS801.a(tasks.o)
 .bss.xTasksWaitingTermination
                0x0080030c        0x9 C:/Users/Daniel/eclipseCPP-Cworkspace/FreeRTOS801/Release/libFreeRTOS801.a(tasks.o)
 .bss.xSuspendedTaskList
                0x00800315        0x9 C:/Users/Daniel/eclipseCPP-Cworkspace/FreeRTOS801/Release/libFreeRTOS801.a(tasks.o)
 .bss.portTickRateHz
                0x0080031e        0x2 C:/Users/Daniel/eclipseCPP-Cworkspace/FreeRTOS801/Release/libFreeRTOS801.a(port.o)
 .bss.ticksRemainingInSec
                0x00800320        0x2 C:/Users/Daniel/eclipseCPP-Cworkspace/FreeRTOS801/Release/libFreeRTOS801.a(port.o)
 .bss.xBlockAllocatedBit
                0x00800322        0x2 C:/Users/Daniel/eclipseCPP-Cworkspace/FreeRTOS801/Release/libFreeRTOS801.a(heap_4.o)
 .bss.pxEnd     0x00800324        0x2 C:/Users/Daniel/eclipseCPP-Cworkspace/FreeRTOS801/Release/libFreeRTOS801.a(heap_4.o)
 .bss.ucHeap    0x00800326     0x1200 C:/Users/Daniel/eclipseCPP-Cworkspace/FreeRTOS801/Release/libFreeRTOS801.a(heap_4.o)
 .bss.xStart    0x00801526        0x4 C:/Users/Daniel/eclipseCPP-Cworkspace/FreeRTOS801/Release/libFreeRTOS801.a(heap_4.o)
 .bss.defaultUSART
                0x0080152a        0x1 C:\Users\Daniel\eclipseCPP-Cworkspace\CEG4166_RTS_Lib\Release\libCEG4166_RTS_Lib.a(usartSerial.o)
                0x0080152a                defaultUSART
 *(COMMON)
 COMMON         0x0080152b        0x2 ./main.o
                0x0080152b                usartfd
 COMMON         0x0080152d        0x9 ./thermalSensor.o
                0x0080152d                temps
 COMMON         0x00801536        0x4 C:/Users/Daniel/eclipseCPP-Cworkspace/FreeRTOS801/Release/libFreeRTOS801.a(system_time.o)
                0x00801536                __system_time
 COMMON         0x0080153a       0x74 C:\Users\Daniel\eclipseCPP-Cworkspace\CEG4166_RTS_Lib\Release\libCEG4166_RTS_Lib.a(usartSerial.o)
                0x0080153a                usartComBuf
                0x008015ae                PROVIDE (__bss_end, .)
                0x00006e9a                __data_load_start = LOADADDR (.data)
                0x00006f30                __data_load_end = (__data_load_start + SIZEOF (.data))

.noinit         0x008015ae        0x0
                0x008015ae                PROVIDE (__noinit_start, .)
 *(.noinit*)
                0x008015ae                PROVIDE (__noinit_end, .)
                0x008015ae                _end = .
                0x008015ae                PROVIDE (__heap_start, .)

.eeprom         0x00810000        0x0
 *(.eeprom*)
                0x00810000                __eeprom_end = .

.fuse
 *(.fuse)
 *(.lfuse)
 *(.hfuse)
 *(.efuse)

.lock
 *(.lock*)

.signature
 *(.signature*)

.stab
 *(.stab)

.stabstr
 *(.stabstr)

.stab.excl
 *(.stab.excl)

.stab.exclstr
 *(.stab.exclstr)

.stab.index
 *(.stab.index)

.stab.indexstr
 *(.stab.indexstr)

.comment
 *(.comment)

.debug
 *(.debug)

.line
 *(.line)

.debug_srcinfo
 *(.debug_srcinfo)

.debug_sfnames
 *(.debug_sfnames)

.debug_aranges
 *(.debug_aranges)

.debug_pubnames
 *(.debug_pubnames)

.debug_info
 *(.debug_info)
 *(.gnu.linkonce.wi.*)

.debug_abbrev
 *(.debug_abbrev)

.debug_line
 *(.debug_line)

.debug_frame
 *(.debug_frame)

.debug_str
 *(.debug_str)

.debug_loc
 *(.debug_loc)

.debug_macinfo
 *(.debug_macinfo)
OUTPUT(EmptyProjectR1.elf elf32-avr)
LOAD linker stubs
